-e [1;31m deleting objects [0m
